BL51 BANKED LINKER/LOCATER V6.22                                                        03/05/2022  22:19:23  PAGE 1


BL51 BANKED LINKER/LOCATER V6.22, INVOKED BY:
D:\51\C51\BIN\BL51.EXE .\Objects\main.obj TO .\Objects\project PRINT (.\Listings\project.m51) RAMSIZE (256)


MEMORY MODEL: SMALL


INPUT MODULES INCLUDED:
  .\Objects\main.obj (MAIN)
  D:\51\C51\LIB\C51S.LIB (?C_STARTUP)


LINK MAP OF MODULE:  .\Objects\project (MAIN)


            TYPE    BASE      LENGTH    RELOCATION   SEGMENT NAME
            -----------------------------------------------------

            * * * * * * *   D A T A   M E M O R Y   * * * * * * *
            REG     0000H     0008H     ABSOLUTE     "REG BANK 0"
            DATA    0008H     0002H     UNIT         _DATA_GROUP_
            IDATA   000AH     0001H     UNIT         ?STACK

            * * * * * * *   C O D E   M E M O R Y   * * * * * * *
            CODE    0000H     0003H     ABSOLUTE     
            CODE    0003H     0018H     UNIT         ?PR?_DELAY?MAIN
            CODE    001BH     0018H     UNIT         ?PR?MAIN?MAIN
            CODE    0033H     000CH     UNIT         ?C_C51STARTUP



OVERLAY MAP OF MODULE:   .\Objects\project (MAIN)


SEGMENT                          DATA_GROUP 
  +--> CALLED SEGMENT          START    LENGTH
----------------------------------------------
?C_C51STARTUP                  -----    -----
  +--> ?PR?MAIN?MAIN

?PR?MAIN?MAIN                  -----    -----
  +--> ?PR?_DELAY?MAIN

?PR?_DELAY?MAIN                0008H    0002H



SYMBOL TABLE OF MODULE:  .\Objects\project (MAIN)

  VALUE           TYPE          NAME
  ----------------------------------

  -------         MODULE        MAIN
  C:0000H         SYMBOL        _ICE_DUMMY_
  B:00A0H.0       PUBLIC        P2_0
  B:00B0H.0       PUBLIC        P3_0
  C:001BH         PUBLIC        main
  C:0003H         PUBLIC        _Delay
BL51 BANKED LINKER/LOCATER V6.22                                                      03/05/2022  22:19:23  PAGE 2


  -------         PROC          _DELAY
  D:0006H         SYMBOL        xms
  -------         DO            
  D:0008H         SYMBOL        i
  D:0009H         SYMBOL        j
  -------         ENDDO         
  C:0003H         LINE#         2
  C:0003H         LINE#         3
  C:0003H         LINE#         4
  C:0007H         LINE#         5
  C:0007H         LINE#         8
  C:000AH         LINE#         9
  C:000DH         LINE#         11
  C:000DH         LINE#         12
  C:0010H         LINE#         13
  C:0013H         LINE#         14
  C:0018H         LINE#         15
  C:001AH         LINE#         16
  -------         ENDPROC       _DELAY
  -------         PROC          MAIN
  C:001BH         LINE#         18
  C:001BH         LINE#         19
  C:001BH         LINE#         20
  C:001BH         LINE#         21
  C:001BH         LINE#         22
  C:001EH         LINE#         23
  C:001EH         LINE#         24
  C:0025H         LINE#         25
  C:0028H         LINE#         26
  C:002FH         LINE#         27
  C:0031H         LINE#         31
  C:0031H         LINE#         34
  -------         ENDPROC       MAIN
  -------         ENDMOD        MAIN

Program Size: data=11.0 xdata=0 code=63
LINK/LOCATE RUN COMPLETE.  0 WARNING(S),  0 ERROR(S)
